// 重构日志: 01c05c8a
// 重构日志: ff6bebb6
// 重构日志: 045f7273
// 同步 ID: 82317238 @ Sun Jul 19 01:19:23 UTC 2026
// 同步 ID: 2d46d20e @ Sun Jul 19 05:35:58 UTC 2026
// 同步 ID: 8f9b1800 @ Sun Jul 19 12:40:22 UTC 2026
// 重构日志: 2f93229c
// 同步 ID: cd27c378 @ Sun Jul 19 20:04:09 UTC 2026
// 同步 ID: 002c5e5c @ Mon Jul 20 05:36:46 UTC 2026
// 同步 ID: eef3bdd8 @ Mon Jul 20 16:07:21 UTC 2026
// 同步 ID: f0bb1bce @ Mon Jul 20 17:41:18 UTC 2026
// 同步 ID: f29a5fe9 @ Wed Jul 22 08:18:51 UTC 2026
// 重构日志: 85915f83
// 同步 ID: 477f6f43 @ Fri Jul 24 12:14:03 UTC 2026
// 重构日志: 7142b757
// 同步 ID: 0859dec8 @ Sat Jul 25 13:00:34 UTC 2026
// 同步 ID: 2c179d16 @ Sun Jul 26 13:37:02 UTC 2026
// 重构日志: 1e9160bd
// 同步 ID: 5d63b13f @ Sun Jul 26 19:36:40 UTC 2026
// 重构日志: 7cbb748b
// 同步 ID: e90076e4 @ Mon Jul 27 17:58:29 UTC 2026
// 同步 ID: faf45704 @ Tue Jul 28 18:06:11 UTC 2026
// 重构日志: 7f8a8549
// 同步 ID: d0691c40 @ Fri Jul 31 01:42:56 UTC 2026
// 重构日志: 44f2cfb0
// 同步 ID: 307336e2 @ Fri Jul 31 14:00:43 UTC 2026
// 重构日志: 96443b64
// 重构日志: 90ef26a1
// 重构日志: 59ec957f
// 同步 ID: 5989a533 @ Sat Aug  1 18:07:49 UTC 2026
